// Jest Snapshot v1, https://goo.gl/fbAQLP

exports[`Should render correctly when all props are passed. 1`] = `
<div
  className="no-selected"
>
  ðŸ˜¢ No books selected.Please select a title and add a duration to preview cost.
</div>
`;

exports[`Should render correctly when all props are passed. 2`] = `
<div
  className="view-charge"
>
  ðŸ˜ƒ.Total book charge comes to
  <span>
    $0
  </span>
</div>
`;
